Microchip MPLAB XC8 Compiler V1.37 ()

Linker command line:

-W-3 --edf=C:\Program Files (x86)\Microchip\xc8\v1.37\dat\en_msgs.txt -cs \
  -h+dist/default/production\Blink_874.X.production.sym \
  --cmf=dist/default/production\Blink_874.X.production.cmf -z -Q16F874 \
  -oC:\Users\broblesv\AppData\Local\Temp\s348.2 \
  -Mdist/default/production/Blink_874.X.production.map -E1 -ver=XC8 \
  -ASTACK=0A0h-0fdh -pstack=STACK -ACODE=00h-07FFhx2 -ASTRCODE=00h-0FFFh \
  -ASTRING=00h-0FFhx16 -ACONST=00h-0FFhx16 -AENTRY=00h-0FFhx16 \
  -ABANK0=020h-07Dh -ABANK1=0A0h-0FDh -ARAM=020h-07Dh,0A0h-0FDh \
  -AABS1=020h-07Fh,0A0h-0FFh -ACOMMON=07Eh-07Fh -ASFR0=00h-01Fh \
  -ASFR1=080h-09Fh -ASFR2=0100h-017Dh -ASFR3=0180h-01FDh \
  -preset_vec=00h,intentry=04h,init,end_init -ppowerup=CODE -pcinit=CODE \
  -pfunctab=CODE -ACONFIG=02007h-02007h -pconfig=CONFIG -DCONFIG=2 \
  -AIDLOC=02000h-02003h -pidloc=IDLOC -DIDLOC=2 -AEEDATA=00h-07Fh/02100h \
  -peeprom_data=EEDATA -DEEDATA=2 -DCODE=2 -DSTRCODE=2 -DSTRING=2 -DCONST=2 \
  -DENTRY=2 -k C:\Users\broblesv\AppData\Local\Temp\s348.obj \
  dist/default/production\Blink_874.X.production.obj 

Object code version is 3.11

Machine type is 16F874



                Name                               Link     Load   Length Selector   Space Scale
C:\Users\broblesv\AppData\Local\Temp\s348.obj
                end_init                              F        F        2        8       0
                reset_vec                             0        0        2        0       0
                config                             2007     2007        1     400E       0
dist/default/production\Blink_874.X.production.obj
                cinit                                11       11        B        8       0
                intentry                              4        4        B        8       0
                text19                              3BF      3BF       67      77E       0
                text9                               426      426       39      77E       0
                text8                               45F      45F       1E      77E       0
                text1                                1C       1C      212        8       0
                maintext                            22E      22E      10B        8       0
                cstackBANK0                          20       20       21       20       1
                clrtext                             47D      47D        8      77E       0
                dataBANK0                            5C       5C        1       20       1
                bssBANK0                             41       41       1A       20       1
                nvBANK0                              5B       5B        1       20       1
                strings                             339      339       86      672       0

TOTAL           Name                               Link     Load   Length     Space
        CLASS   STACK          

        CLASS   CODE           
                end_init                              F        F        2         0
                cinit                                11       11        B         0
                intentry                              4        4        B         0
                reset_vec                             0        0        2         0
                text19                              3BF      3BF       67         0
                text9                               426      426       39         0
                text8                               45F      45F       1E         0
                text1                                1C       1C      212         0
                maintext                            22E      22E      10B         0
                clrtext                             47D      47D        8         0

        CLASS   STRCODE        

        CLASS   STRING         
                strings                             339      339       86         0

        CLASS   CONST          

        CLASS   ENTRY          

        CLASS   BANK0          
                cstackBANK0                          20       20       21         1
                dataBANK0                            5C       5C        1         1
                bssBANK0                             41       41       1A         1
                nvBANK0                              5B       5B        1         1

        CLASS   BANK1          

        CLASS   RAM            

        CLASS   ABS1           
                abs_s1                               7E       7E        2         1

        CLASS   COMMON         

        CLASS   SFR0           

        CLASS   SFR1           

        CLASS   SFR2           

        CLASS   SFR3           

        CLASS   CONFIG         
                config                             2007     2007        1         0

        CLASS   IDLOC          

        CLASS   EEDATA         

        CLASS   BANK3          

        CLASS   BANK2          



SEGMENTS        Name                           Load    Length   Top    Selector   Space  Class     Delta

                reset_vec                      000000  000002  000002         0       0  CODE        2
                intentry                       000004  000335  000339         8       0  CODE        2
                cstackBANK0                    000020  00003D  00005D        20       1  BANK0       1
                strings                        000339  000086  0003BF       672       0  STRING      2
                text19                         0003BF  0000C6  000485       77E       0  CODE        2
                config                         002007  000001  002008      400E       0  CONFIG      2


UNUSED ADDRESS RANGES

        Name                Unused          Largest block    Delta
        BANK0            005D-007D             21           1
        BANK1            00A0-00FD             5E           1
        CODE             0002-0003              2           2
                         0485-0FFF            37B
        CONST            0002-0003              2           2
                         0485-0FFF            100
        EEDATA           2100-217F             80           2
        ENTRY            0002-0003              2           2
                         0485-0FFF            100
        IDLOC            2000-2003              4           2
        RAM              005D-007D             21           1
                         00A0-00FD             5E
        SFR0             0000-001F             20           1
        SFR1             0080-009F             20           1
        SFR2             0100-017D             7E           1
        SFR3             0180-01FD             7E           1
        STACK            00A0-00FD             5E           1
        STRCODE          0002-0003              2           2
                         0485-0FFF            B7B
        STRING           0002-0003              2           2
                         0485-0FFF            100

                                  Symbol Table

?___lwdiv                     cstackBANK0  0023
?___lwmod                     cstackBANK0  002A
?_printf                      cstackBANK0  0031
EUSART_Write@txData           cstackBANK0  0023
LCD_Write_Str@message         cstackBANK0  002E
LCD_Write_Str@message_ptr     cstackBANK0  002F
Write_I2C@ackflag             cstackBANK0  0029
Write_I2C@data                cstackBANK0  0028
_ACKSTAT                      (abs)        048E
_ADCON0                       (abs)        001F
_ADCON1                       (abs)        009F
_BCLIF                        (abs)        006B
_EUSART_Initialize            text9        0429
_EUSART_Receive_ISR           text19       03FF
_EUSART_Transmit_ISR          text19       0412
_EUSART_Write                 text1        0212
_I2C_Start                    text1        0021
_INTCONbits                   (abs)        000B
_InterruptManager             text19       03BF
_LCD_Init                     text1        004F
_LCD_Write_Str                text1        0029
_OPTION_REGbits               (abs)        0081
_PIE1bits                     (abs)        008C
_PIN_Initialize               text9        0440
_PIR1bits                     (abs)        000C
_PORTB                        (abs)        0006
_PORTBbits                    (abs)        0006
_PORTD                        (abs)        0008
_RBP1                         bssBANK0     0051
_RBP1_prev                    bssBANK0     0052
_RBP2                         bssBANK0     0053
_RCREG                        (abs)        001A
_RCSTA                        (abs)        0018
_RCSTAbits                    (abs)        0018
_RS                           bssBANK0     0054
_R_W                          (abs)        04A2
_SEN                          (abs)        0488
_SPBRG                        (abs)        0099
_SSPADD                       (abs)        0093
_SSPBUF                       (abs)        0013
_SSPCON                       (abs)        0014
_SSPCON2                      (abs)        0091
_SSPIF                        (abs)        0063
_SSPSTAT                      (abs)        0094
_SYSTEM_Initialize            text9        0426
_TRISA                        (abs)        0085
_TRISBbits                    (abs)        0086
_TRISCbits                    (abs)        0087
_TRISD                        (abs)        0088
_TXREG                        (abs)        0019
_TXSTA                        (abs)        0098
_Write_I2C                    text1        017D
__CFG_BOREN$OFF               (abs)        0000
__CFG_CP$OFF                  (abs)        0000
__CFG_CPD$OFF                 (abs)        0000
__CFG_FOSC$HS                 (abs)        0000
__CFG_LVP$OFF                 (abs)        0000
__CFG_PWRTE$OFF               (abs)        0000
__CFG_WDTE$OFF                (abs)        0000
__CFG_WRT$OFF                 (abs)        0000
__Habs1                       abs1         0000
__Hbank0                      bank0        0000
__Hbank1                      bank1        0000
__Hbank2                      bank2        0000
__Hbank3                      bank3        0000
__HbssBANK0                   bssBANK0     0000
__Hcinit                      cinit        001C
__Hclrtext                    clrtext      0000
__Hcode                       code         0000
__Hcommon                     common       0000
__Hconfig                     config       2008
__HcstackBANK0                cstackBANK0  0000
__HcstackCOMMON               cstackCOMMON 0000
__HdataBANK0                  dataBANK0    0000
__Heeprom_data                eeprom_data  0000
__Hend_init                   end_init     0011
__Hfunctab                    functab      0000
__HidataBANK0                 idataBANK0   0000
__Hidloc                      idloc        0000
__Hinit                       init         000F
__Hintentry                   intentry     000F
__Hmaintext                   maintext     0000
__HnvBANK0                    nvBANK0      0000
__Hpowerup                    powerup      0000
__Hram                        ram          0000
__Hreset_vec                  reset_vec    0002
__Hsfr0                       sfr0         0000
__Hsfr1                       sfr1         0000
__Hsfr2                       sfr2         0000
__Hsfr3                       sfr3         0000
__Hspace_0                    (abs)        2008
__Hspace_1                    (abs)        005D
__Hspace_2                    (abs)        0000
__Hspace_3                    (abs)        0000
__Hstack                      stack        0000
__Hstrings                    strings      0000
__Htext                       text         0000
__Labs1                       abs1         0000
__Lbank0                      bank0        0000
__Lbank1                      bank1        0000
__Lbank2                      bank2        0000
__Lbank3                      bank3        0000
__LbssBANK0                   bssBANK0     0000
__Lcinit                      cinit        0011
__Lclrtext                    clrtext      0000
__Lcode                       code         0000
__Lcommon                     common       0000
__Lconfig                     config       2007
__LcstackBANK0                cstackBANK0  0000
__LcstackCOMMON               cstackCOMMON 0000
__LdataBANK0                  dataBANK0    0000
__Leeprom_data                eeprom_data  0000
__Lend_init                   end_init     000F
__Lfunctab                    functab      0000
__LidataBANK0                 idataBANK0   0000
__Lidloc                      idloc        0000
__Linit                       init         000F
__Lintentry                   intentry     0004
__Lmaintext                   maintext     0000
__LnvBANK0                    nvBANK0      0000
__Lpowerup                    powerup      0000
__Lram                        ram          0000
__Lreset_vec                  reset_vec    0000
__Lsfr0                       sfr0         0000
__Lsfr1                       sfr1         0000
__Lsfr2                       sfr2         0000
__Lsfr3                       sfr3         0000
__Lspace_0                    (abs)        0000
__Lspace_1                    (abs)        0000
__Lspace_2                    (abs)        0000
__Lspace_3                    (abs)        0000
__Lstack                      stack        0000
__Lstrings                    strings      0000
__Ltext                       text         0000
__S0                          (abs)        2008
__S1                          (abs)        005D
__S2                          (abs)        0000
__S3                          (abs)        0000
___int_sp                     stack        0000
___latbits                    (abs)        0001
___lwdiv                      text1        01C4
___lwdiv@counter              cstackBANK0  0029
___lwdiv@dividend             cstackBANK0  0025
___lwdiv@divisor              cstackBANK0  0023
___lwdiv@quotient             cstackBANK0  0027
___lwmod                      text1        01EE
___lwmod@counter              cstackBANK0  002E
___lwmod@dividend             cstackBANK0  002C
___lwmod@divisor              cstackBANK0  002A
___sp                         stack        0000
__end_of_EUSART_Initialize    text9        0440
__end_of_EUSART_Receive_ISR   text19       0412
__end_of_EUSART_Transmit_ISR  text19       0426
__end_of_EUSART_Write         text1        022E
__end_of_I2C_Start            text1        0029
__end_of_InterruptManager     text19       03FF
__end_of_LCD_Init             text1        00B1
__end_of_LCD_Write_Str        text1        003E
__end_of_PIN_Initialize       text9        045F
__end_of_SYSTEM_Initialize    text9        0429
__end_of_Write_I2C            text1        0194
__end_of___lwdiv              text1        01EE
__end_of___lwmod              text1        0212
__end_of__initialization      cinit        0019
__end_of__stringtab           strings      033F
__end_of_delay                text8        047D
__end_of_dpowers              strings      0349
__end_of_is_I2C_idle          text1        01C4
__end_of_lcd_write_byte       text1        017D
__end_of_lcd_write_cmd        text1        004F
__end_of_main                 maintext     0339
__end_of_printf               text1        0135
__end_of_putch                text1        0163
__end_of_scrollDisplayLeft    text1        0021
__end_of_strobe               text1        01AD
__initialization              cinit        0011
__pbssBANK0                   bssBANK0     0041
__pcstackBANK0                cstackBANK0  0020
__pcstackCOMMON               cstackCOMMON 0000
__pdataBANK0                  dataBANK0    005C
__pidataBANK0                 idataBANK0   0000
__pintentry                   intentry     0004
__pmaintext                   maintext     022E
__pnvBANK0                    nvBANK0      005B
__pstrings                    strings      0339
__ptext1                      text1        001C
__ptext10                     text9        0440
__ptext11                     text9        0429
__ptext12                     text1        0029
__ptext13                     text1        004F
__ptext14                     text1        0163
__ptext15                     text1        0194
__ptext16                     text1        017D
__ptext17                     text1        0021
__ptext18                     text1        01AD
__ptext19                     text19       03BF
__ptext2                      text1        00B1
__ptext20                     text19       0412
__ptext21                     text19       03FF
__ptext3                      text1        0135
__ptext4                      text1        0212
__ptext5                      text1        01EE
__ptext6                      text1        01C4
__ptext7                      text1        003E
__ptext8                      text8        045F
__ptext9                      text9        0426
__size_of_EUSART_Initialize   (abs)        0000
__size_of_EUSART_Receive_ISR  (abs)        0000
__size_of_EUSART_Transmit_ISR (abs)        0000
__size_of_EUSART_Write        (abs)        0000
__size_of_I2C_Start           (abs)        0000
__size_of_InterruptManager    (abs)        0000
__size_of_LCD_Init            (abs)        0000
__size_of_LCD_Write_Str       (abs)        0000
__size_of_PIN_Initialize      (abs)        0000
__size_of_SYSTEM_Initialize   (abs)        0000
__size_of_Write_I2C           (abs)        0000
__size_of___lwdiv             (abs)        0000
__size_of___lwmod             (abs)        0000
__size_of_delay               (abs)        0000
__size_of_is_I2C_idle         (abs)        0000
__size_of_lcd_write_byte      (abs)        0000
__size_of_lcd_write_cmd       (abs)        0000
__size_of_main                (abs)        0000
__size_of_printf              (abs)        0000
__size_of_putch               (abs)        0000
__size_of_scrollDisplayLeft   (abs)        0000
__size_of_strobe              (abs)        0000
__stringbase                  strings      033E
__stringtab                   strings      0339
_changed                      bssBANK0     0055
_counter                      dataBANK0    005C
_delay                        text8        045F
_dpowers                      strings      033F
_eusartRxBuffer               bssBANK0     0041
_eusartRxCount                bssBANK0     0056
_eusartRxHead                 bssBANK0     0057
_eusartTxBuffer               bssBANK0     0049
_eusartTxBufferRemaining      nvBANK0      005B
_eusartTxHead                 bssBANK0     0058
_eusartTxTail                 bssBANK0     0059
_is_I2C_idle                  text1        01AD
_lcd_write_byte               text1        0163
_lcd_write_cmd                text1        003E
_main                         maintext     022E
_printf                       text1        00B1
_putch                        text1        0135
_scrollDisplayLeft            text1        001C
_strobe                       text1        0194
_uart                         bssBANK0     005A
btemp                         (abs)        007E
clear_ram0                    clrtext      047D
delay@count                   cstackBANK0  0025
delay@i                       cstackBANK0  0026
end_of_initialization         cinit        0019
interrupt_function            intentry     0004
intlevel0                     functab      0000
intlevel1                     functab      0000
intlevel2                     functab      0000
intlevel3                     functab      0000
intlevel4                     functab      0000
intlevel5                     functab      0000
lcd_write_byte@data           cstackBANK0  002C
lcd_write_byte@shadow         cstackBANK0  002D
lcd_write_cmd@cmd             cstackBANK0  002C
lcd_write_cmd@shadow          cstackBANK0  002D
ltemp                         (abs)        007E
ltemp0                        (abs)        007E
ltemp1                        (abs)        0082
ltemp2                        (abs)        0086
ltemp3                        (abs)        0080
main@i                        cstackBANK0  003F
printf@ap                     cstackBANK0  0035
printf@c                      cstackBANK0  003B
printf@f                      cstackBANK0  003A
printf@flag                   cstackBANK0  0036
printf@prec                   cstackBANK0  0037
printf@val                    cstackBANK0  0038
putch@data                    cstackBANK0  0030
reset_vec                     reset_vec    0000
saved_w                       (abs)        007E
stackhi                       (abs)        0000
stacklo                       (abs)        0000
start                         init         000F
start_initialization          cinit        0011
strobe@cmd                    cstackBANK0  002B
ttemp                         (abs)        007E
ttemp0                        (abs)        007E
ttemp1                        (abs)        0081
ttemp2                        (abs)        0084
ttemp3                        (abs)        0087
ttemp4                        (abs)        007F
wtemp                         (abs)        007E
wtemp0                        (abs)        007E
wtemp1                        (abs)        0080
wtemp2                        (abs)        0082
wtemp3                        (abs)        0084
wtemp4                        (abs)        0086
wtemp5                        (abs)        0088
wtemp6                        (abs)        007F


FUNCTION INFORMATION:

 *************** function _main *****************
 Defined at:
		line 129 in file "main.c"
 Parameters:    Size  Location     Type
		None
 Auto vars:     Size  Location     Type
  i               2   31[BANK0 ] int 
 Return value:  Size  Location     Type
                  1    wreg      void 
 Registers used:
		wreg, fsr0l, fsr0h, status,2, status,0, btemp+1, pclath, cstack
 Tracked objects:
		On entry : 
		On exit  : 
		Unchanged: 
 Data sizes:     COMMON   BANK0   BANK1
      Params:         0       0       0
      Locals:         0       2       0
      Temps:          0       3       0
      Totals:         0       5       0
Total ram usage:        5 bytes
 Hardware stack levels required when called:    8
 This function calls:
		_I2C_Start
		_LCD_Init
		_LCD_Write_Str
		_SYSTEM_Initialize
		_delay
		_lcd_write_cmd
		_printf
		_scrollDisplayLeft
 This function is called by:
		Startup code after reset
 This function uses a non-reentrant model


 *************** function _scrollDisplayLeft *****************
 Defined at:
		line 227 in file "i2c_lcd.c"
 Parameters:    Size  Location     Type
		None
 Auto vars:     Size  Location     Type
		None
 Return value:  Size  Location     Type
                  1    wreg      void 
 Registers used:
		wreg, status,2, status,0, pclath, cstack
 Tracked objects:
		On entry : 
		On exit  : 
		Unchanged: 
 Data sizes:     COMMON   BANK0   BANK1
      Params:         0       0       0
      Locals:         0       0       0
      Temps:          0       0       0
      Totals:         0       0       0
Total ram usage:        0 bytes
 Hardware stack levels used:    1
 Hardware stack levels required when called:    6
 This function calls:
		_lcd_write_byte
 This function is called by:
		_main
 This function uses a non-reentrant model


 *************** function _printf *****************
 Defined at:
		line 464 in file "C:\Program Files (x86)\Microchip\xc8\v1.37\sources\common\doprnt.c"
 Parameters:    Size  Location     Type
  f               1    wreg     PTR const unsigned char 
		 -> STR_10(17), STR_9(19), STR_8(2), STR_7(2), 
		 -> STR_6(2), STR_5(2), STR_4(4), STR_2(31), 
		 -> STR_1(23), 
 Auto vars:     Size  Location     Type
  f               1   26[BANK0 ] PTR const unsigned char 
		 -> STR_10(17), STR_9(19), STR_8(2), STR_7(2), 
		 -> STR_6(2), STR_5(2), STR_4(4), STR_2(31), 
		 -> STR_1(23), 
  tmpval          4    0        struct .
  val             2   24[BANK0 ] unsigned int 
  cp              2    0        PTR const unsigned char 
  len             2    0        unsigned int 
  c               1   27[BANK0 ] char 
  prec            1   23[BANK0 ] char 
  flag            1   22[BANK0 ] unsigned char 
  ap              1   21[BANK0 ] PTR void [1]
		 -> ?_printf(2), 
 Return value:  Size  Location     Type
                  2   17[BANK0 ] int 
 Registers used:
		wreg, fsr0l, fsr0h, status,2, status,0, btemp+1, pclath, cstack
 Tracked objects:
		On entry : 
		On exit  : 
		Unchanged: 
 Data sizes:     COMMON   BANK0   BANK1
      Params:         0       2       0
      Locals:         0       7       0
      Temps:          0       2       0
      Totals:         0      11       0
Total ram usage:       11 bytes
 Hardware stack levels used:    1
 Hardware stack levels required when called:    7
 This function calls:
		___lwdiv
		___lwmod
		_putch
 This function is called by:
		_main
 This function uses a non-reentrant model


 *************** function _putch *****************
 Defined at:
		line 92 in file "i2c_lcd.c"
 Parameters:    Size  Location     Type
  data            1    wreg     unsigned char 
 Auto vars:     Size  Location     Type
  data            1   16[BANK0 ] unsigned char 
 Return value:  Size  Location     Type
                  1    wreg      void 
 Registers used:
		wreg, fsr0l, fsr0h, status,2, status,0, pclath, cstack
 Tracked objects:
		On entry : 
		On exit  : 
		Unchanged: 
 Data sizes:     COMMON   BANK0   BANK1
      Params:         0       0       0
      Locals:         0       1       0
      Temps:          0       2       0
      Totals:         0       3       0
Total ram usage:        3 bytes
 Hardware stack levels used:    1
 Hardware stack levels required when called:    6
 This function calls:
		_EUSART_Write
		_lcd_write_byte
 This function is called by:
		_printf
 This function uses a non-reentrant model


 *************** function _EUSART_Write *****************
 Defined at:
		line 89 in file "eusart.c"
 Parameters:    Size  Location     Type
  txData          1    wreg     unsigned char 
 Auto vars:     Size  Location     Type
  txData          1    3[BANK0 ] unsigned char 
 Return value:  Size  Location     Type
                  1    wreg      void 
 Registers used:
		wreg, fsr0l, fsr0h, status,2, status,0
 Tracked objects:
		On entry : 
		On exit  : 
		Unchanged: 
 Data sizes:     COMMON   BANK0   BANK1
      Params:         0       0       0
      Locals:         0       1       0
      Temps:          0       0       0
      Totals:         0       1       0
Total ram usage:        1 bytes
 Hardware stack levels used:    1
 Hardware stack levels required when called:    2
 This function calls:
		Nothing
 This function is called by:
		_putch
 This function uses a non-reentrant model


 *************** function ___lwmod *****************
 Defined at:
		line 6 in file "C:\Program Files (x86)\Microchip\xc8\v1.37\sources\common\lwmod.c"
 Parameters:    Size  Location     Type
  divisor         2   10[BANK0 ] unsigned int 
  dividend        2   12[BANK0 ] unsigned int 
 Auto vars:     Size  Location     Type
  counter         1   14[BANK0 ] unsigned char 
 Return value:  Size  Location     Type
                  2   10[BANK0 ] unsigned int 
 Registers used:
		wreg, status,2, status,0
 Tracked objects:
		On entry : 
		On exit  : 
		Unchanged: 
 Data sizes:     COMMON   BANK0   BANK1
      Params:         0       4       0
      Locals:         0       1       0
      Temps:          0       0       0
      Totals:         0       5       0
Total ram usage:        5 bytes
 Hardware stack levels used:    1
 Hardware stack levels required when called:    2
 This function calls:
		Nothing
 This function is called by:
		_printf
 This function uses a non-reentrant model


 *************** function ___lwdiv *****************
 Defined at:
		line 6 in file "C:\Program Files (x86)\Microchip\xc8\v1.37\sources\common\lwdiv.c"
 Parameters:    Size  Location     Type
  divisor         2    3[BANK0 ] unsigned int 
  dividend        2    5[BANK0 ] unsigned int 
 Auto vars:     Size  Location     Type
  quotient        2    7[BANK0 ] unsigned int 
  counter         1    9[BANK0 ] unsigned char 
 Return value:  Size  Location     Type
                  2    3[BANK0 ] unsigned int 
 Registers used:
		wreg, status,2, status,0
 Tracked objects:
		On entry : 
		On exit  : 
		Unchanged: 
 Data sizes:     COMMON   BANK0   BANK1
      Params:         0       4       0
      Locals:         0       3       0
      Temps:          0       0       0
      Totals:         0       7       0
Total ram usage:        7 bytes
 Hardware stack levels used:    1
 Hardware stack levels required when called:    2
 This function calls:
		Nothing
 This function is called by:
		_printf
 This function uses a non-reentrant model


 *************** function _lcd_write_cmd *****************
 Defined at:
		line 74 in file "i2c_lcd.c"
 Parameters:    Size  Location     Type
  cmd             1    wreg     unsigned char 
 Auto vars:     Size  Location     Type
  cmd             1   12[BANK0 ] unsigned char 
  shadow          1   13[BANK0 ] unsigned char 
 Return value:  Size  Location     Type
                  1    wreg      void 
 Registers used:
		wreg, status,2, status,0, pclath, cstack
 Tracked objects:
		On entry : 
		On exit  : 
		Unchanged: 
 Data sizes:     COMMON   BANK0   BANK1
      Params:         0       0       0
      Locals:         0       2       0
      Temps:          0       0       0
      Totals:         0       2       0
Total ram usage:        2 bytes
 Hardware stack levels used:    1
 Hardware stack levels required when called:    5
 This function calls:
		_Write_I2C
		_strobe
 This function is called by:
		_main
 This function uses a non-reentrant model


 *************** function _delay *****************
 Defined at:
		line 206 in file "main.c"
 Parameters:    Size  Location     Type
  count           1    wreg     unsigned char 
 Auto vars:     Size  Location     Type
  count           1    5[BANK0 ] unsigned char 
  i               2    6[BANK0 ] int 
 Return value:  Size  Location     Type
                  1    wreg      void 
 Registers used:
		wreg, status,2, status,0
 Tracked objects:
		On entry : 
		On exit  : 
		Unchanged: 
 Data sizes:     COMMON   BANK0   BANK1
      Params:         0       0       0
      Locals:         0       3       0
      Temps:          0       2       0
      Totals:         0       5       0
Total ram usage:        5 bytes
 Hardware stack levels used:    1
 Hardware stack levels required when called:    2
 This function calls:
		Nothing
 This function is called by:
		_main
 This function uses a non-reentrant model


 *************** function _SYSTEM_Initialize *****************
 Defined at:
		line 5 in file "global.c"
 Parameters:    Size  Location     Type
		None
 Auto vars:     Size  Location     Type
		None
 Return value:  Size  Location     Type
                  1    wreg      void 
 Registers used:
		wreg, status,2, status,0, pclath, cstack
 Tracked objects:
		On entry : 
		On exit  : 
		Unchanged: 
 Data sizes:     COMMON   BANK0   BANK1
      Params:         0       0       0
      Locals:         0       0       0
      Temps:          0       0       0
      Totals:         0       0       0
Total ram usage:        0 bytes
 Hardware stack levels used:    1
 Hardware stack levels required when called:    3
 This function calls:
		_EUSART_Initialize
		_PIN_Initialize
 This function is called by:
		_main
 This function uses a non-reentrant model


 *************** function _PIN_Initialize *****************
 Defined at:
		line 14 in file "global.c"
 Parameters:    Size  Location     Type
		None
 Auto vars:     Size  Location     Type
		None
 Return value:  Size  Location     Type
                  1    wreg      void 
 Registers used:
		wreg, status,2
 Tracked objects:
		On entry : 
		On exit  : 
		Unchanged: 
 Data sizes:     COMMON   BANK0   BANK1
      Params:         0       0       0
      Locals:         0       0       0
      Temps:          0       0       0
      Totals:         0       0       0
Total ram usage:        0 bytes
 Hardware stack levels used:    1
 Hardware stack levels required when called:    2
 This function calls:
		Nothing
 This function is called by:
		_SYSTEM_Initialize
 This function uses a non-reentrant model


 *************** function _EUSART_Initialize *****************
 Defined at:
		line 31 in file "eusart.c"
 Parameters:    Size  Location     Type
		None
 Auto vars:     Size  Location     Type
		None
 Return value:  Size  Location     Type
                  1    wreg      void 
 Registers used:
		wreg, status,2
 Tracked objects:
		On entry : 
		On exit  : 
		Unchanged: 
 Data sizes:     COMMON   BANK0   BANK1
      Params:         0       0       0
      Locals:         0       0       0
      Temps:          0       0       0
      Totals:         0       0       0
Total ram usage:        0 bytes
 Hardware stack levels used:    1
 Hardware stack levels required when called:    2
 This function calls:
		Nothing
 This function is called by:
		_SYSTEM_Initialize
 This function uses a non-reentrant model


 *************** function _LCD_Write_Str *****************
 Defined at:
		line 243 in file "i2c_lcd.c"
 Parameters:    Size  Location     Type
  message         1    wreg     PTR const unsigned char 
		 -> STR_3(24), 
 Auto vars:     Size  Location     Type
  message         1   14[BANK0 ] PTR const unsigned char 
		 -> STR_3(24), 
  message_ptr     1   15[BANK0 ] PTR unsigned char 
		 -> STR_3(24), 
 Return value:  Size  Location     Type
                  1    wreg      void 
 Registers used:
		wreg, fsr0l, fsr0h, status,2, status,0, pclath, cstack
 Tracked objects:
		On entry : 
		On exit  : 
		Unchanged: 
 Data sizes:     COMMON   BANK0   BANK1
      Params:         0       0       0
      Locals:         0       2       0
      Temps:          0       0       0
      Totals:         0       2       0
Total ram usage:        2 bytes
 Hardware stack levels used:    1
 Hardware stack levels required when called:    6
 This function calls:
		_lcd_write_byte
 This function is called by:
		_main
 This function uses a non-reentrant model


 *************** function _LCD_Init *****************
 Defined at:
		line 160 in file "i2c_lcd.c"
 Parameters:    Size  Location     Type
		None
 Auto vars:     Size  Location     Type
		None
 Return value:  Size  Location     Type
                  1    wreg      void 
 Registers used:
		wreg, status,2, status,0, pclath, cstack
 Tracked objects:
		On entry : 
		On exit  : 
		Unchanged: 
 Data sizes:     COMMON   BANK0   BANK1
      Params:         0       0       0
      Locals:         0       0       0
      Temps:          0       3       0
      Totals:         0       3       0
Total ram usage:        3 bytes
 Hardware stack levels used:    1
 Hardware stack levels required when called:    6
 This function calls:
		_Write_I2C
		_lcd_write_byte
		_strobe
 This function is called by:
		_main
 This function uses a non-reentrant model


 *************** function _lcd_write_byte *****************
 Defined at:
		line 44 in file "i2c_lcd.c"
 Parameters:    Size  Location     Type
  data            1    wreg     unsigned char 
 Auto vars:     Size  Location     Type
  data            1   12[BANK0 ] unsigned char 
  shadow          1   13[BANK0 ] unsigned char 
 Return value:  Size  Location     Type
                  1    wreg      void 
 Registers used:
		wreg, status,2, status,0, pclath, cstack
 Tracked objects:
		On entry : 
		On exit  : 
		Unchanged: 
 Data sizes:     COMMON   BANK0   BANK1
      Params:         0       0       0
      Locals:         0       2       0
      Temps:          0       0       0
      Totals:         0       2       0
Total ram usage:        2 bytes
 Hardware stack levels used:    1
 Hardware stack levels required when called:    5
 This function calls:
		_Write_I2C
		_strobe
 This function is called by:
		_putch
		_LCD_Init
		_scrollDisplayLeft
		_LCD_Write_Str
 This function uses a non-reentrant model


 *************** function _strobe *****************
 Defined at:
		line 118 in file "i2c_lcd.c"
 Parameters:    Size  Location     Type
  cmd             1    wreg     unsigned char 
 Auto vars:     Size  Location     Type
  cmd             1   11[BANK0 ] unsigned char 
 Return value:  Size  Location     Type
                  1    wreg      void 
 Registers used:
		wreg, status,2, status,0, pclath, cstack
 Tracked objects:
		On entry : 
		On exit  : 
		Unchanged: 
 Data sizes:     COMMON   BANK0   BANK1
      Params:         0       0       0
      Locals:         0       1       0
      Temps:          0       1       0
      Totals:         0       2       0
Total ram usage:        2 bytes
 Hardware stack levels used:    1
 Hardware stack levels required when called:    4
 This function calls:
		_Write_I2C
 This function is called by:
		_lcd_write_byte
		_lcd_write_cmd
		_LCD_Init
 This function uses a non-reentrant model


 *************** function _Write_I2C *****************
 Defined at:
		line 28 in file "i2c_lcd.c"
 Parameters:    Size  Location     Type
  data            1    wreg     unsigned char 
 Auto vars:     Size  Location     Type
  data            1    8[BANK0 ] unsigned char 
  ackflag         1    9[BANK0 ] unsigned char 
 Return value:  Size  Location     Type
                  1    wreg      void 
 Registers used:
		wreg, status,2, status,0, pclath, cstack
 Tracked objects:
		On entry : 
		On exit  : 
		Unchanged: 
 Data sizes:     COMMON   BANK0   BANK1
      Params:         0       0       0
      Locals:         0       2       0
      Temps:          0       0       0
      Totals:         0       2       0
Total ram usage:        2 bytes
 Hardware stack levels used:    1
 Hardware stack levels required when called:    3
 This function calls:
		_is_I2C_idle
 This function is called by:
		_lcd_write_byte
		_lcd_write_cmd
		_strobe
		_LCD_Init
 This function uses a non-reentrant model


 *************** function _I2C_Start *****************
 Defined at:
		line 15 in file "i2c_lcd.c"
 Parameters:    Size  Location     Type
		None
 Auto vars:     Size  Location     Type
		None
 Return value:  Size  Location     Type
                  1    wreg      void 
 Registers used:
		wreg, status,2, status,0, pclath, cstack
 Tracked objects:
		On entry : 
		On exit  : 
		Unchanged: 
 Data sizes:     COMMON   BANK0   BANK1
      Params:         0       0       0
      Locals:         0       0       0
      Temps:          0       0       0
      Totals:         0       0       0
Total ram usage:        0 bytes
 Hardware stack levels used:    1
 Hardware stack levels required when called:    3
 This function calls:
		_is_I2C_idle
 This function is called by:
		_main
 This function uses a non-reentrant model


 *************** function _is_I2C_idle *****************
 Defined at:
		line 8 in file "i2c_lcd.c"
 Parameters:    Size  Location     Type
		None
 Auto vars:     Size  Location     Type
		None
 Return value:  Size  Location     Type
                  1    wreg      void 
 Registers used:
		wreg, status,2, status,0
 Tracked objects:
		On entry : 
		On exit  : 
		Unchanged: 
 Data sizes:     COMMON   BANK0   BANK1
      Params:         0       0       0
      Locals:         0       0       0
      Temps:          0       5       0
      Totals:         0       5       0
Total ram usage:        5 bytes
 Hardware stack levels used:    1
 Hardware stack levels required when called:    2
 This function calls:
		Nothing
 This function is called by:
		_I2C_Start
		_Write_I2C
 This function uses a non-reentrant model


 *************** function _InterruptManager *****************
 Defined at:
		line 55 in file "main.c"
 Parameters:    Size  Location     Type
		None
 Auto vars:     Size  Location     Type
  temp            2    0        int 
 Return value:  Size  Location     Type
                  1    wreg      void 
 Registers used:
		wreg, fsr0l, fsr0h, status,2, status,0, pclath, cstack
 Tracked objects:
		On entry : 
		On exit  : 
		Unchanged: 
 Data sizes:     COMMON   BANK0   BANK1
      Params:         0       0       0
      Locals:         0       0       0
      Temps:          0       3       0
      Totals:         0       3       0
Total ram usage:        3 bytes
 Hardware stack levels used:    1
 Hardware stack levels required when called:    1
 This function calls:
		_EUSART_Receive_ISR
		_EUSART_Transmit_ISR
 This function is called by:
		Interrupt level 1
 This function uses a non-reentrant model


 *************** function _EUSART_Transmit_ISR *****************
 Defined at:
		line 112 in file "eusart.c"
 Parameters:    Size  Location     Type
		None
 Auto vars:     Size  Location     Type
		None
 Return value:  Size  Location     Type
                  1    wreg      void 
 Registers used:
		wreg, fsr0l, fsr0h, status,2, status,0
 Tracked objects:
		On entry : 
		On exit  : 
		Unchanged: 
 Data sizes:     COMMON   BANK0   BANK1
      Params:         0       0       0
      Locals:         0       0       0
      Temps:          0       0       0
      Totals:         0       0       0
Total ram usage:        0 bytes
 Hardware stack levels used:    1
 This function calls:
		Nothing
 This function is called by:
		_InterruptManager
 This function uses a non-reentrant model


 *************** function _EUSART_Receive_ISR *****************
 Defined at:
		line 131 in file "eusart.c"
 Parameters:    Size  Location     Type
		None
 Auto vars:     Size  Location     Type
		None
 Return value:  Size  Location     Type
                  1    wreg      void 
 Registers used:
		wreg, fsr0l, fsr0h, status,2, status,0
 Tracked objects:
		On entry : 
		On exit  : 
		Unchanged: 
 Data sizes:     COMMON   BANK0   BANK1
      Params:         0       0       0
      Locals:         0       0       0
      Temps:          0       0       0
      Totals:         0       0       0
Total ram usage:        0 bytes
 Hardware stack levels used:    1
 This function calls:
		Nothing
 This function is called by:
		_InterruptManager
 This function uses a non-reentrant model



MODULE INFORMATION

Module		Function		Class		Link	Load	Size
C:\Program Files (x86)\Microchip\xc8\v1.37\sources\common\doprnt.c
		_printf        		CODE           	00B1	0000	133

C:\Program Files (x86)\Microchip\xc8\v1.37\sources\common\doprnt.c estimated size: 133

eusart.c
		_EUSART_Write  		CODE           	0212	0000	29
		_EUSART_Transmit_ISR		CODE           	0412	0000	21
		_EUSART_Initialize		CODE           	0429	0000	24
		_EUSART_Receive_ISR		CODE           	03FF	0000	20

eusart.c estimated size: 94

C:\Program Files (x86)\Microchip\xc8\v1.37\sources\common\lwdiv.c
		___lwdiv       		CODE           	01C4	0000	43

C:\Program Files (x86)\Microchip\xc8\v1.37\sources\common\lwdiv.c estimated size: 43

i2c_lcd.c
		_lcd_write_byte		CODE           	0163	0000	27
		_LCD_Init      		CODE           	004F	0000	99
		_is_I2C_idle   		CODE           	01AD	0000	24
		_putch         		CODE           	0135	0000	47
		_Write_I2C     		CODE           	017D	0000	24
		_scrollDisplayLeft		CODE           	001C	0000	6
		_strobe        		CODE           	0194	0000	26
		_lcd_write_cmd 		CODE           	003E	0000	18
		_I2C_Start     		CODE           	0021	0000	9
		_LCD_Write_Str 		CODE           	0029	0000	22

i2c_lcd.c estimated size: 302

global.c
		_SYSTEM_Initialize		CODE           	0426	0000	4
		_PIN_Initialize		CODE           	0440	0000	32

global.c estimated size: 36

shared
		__stringtab    		STRING         	0339	0000	7
		_dpowers       		STRING         	033F	0000	11
		__initialization		CODE           	0011	0000	9

shared estimated size: 27

main.c
		_delay         		CODE           	045F	0000	31
		_main          		CODE           	022E	0000	268
		_InterruptManager		CODE           	03BF	0000	65

main.c estimated size: 364

C:\Program Files (x86)\Microchip\xc8\v1.37\sources\common\lwmod.c
		___lwmod       		CODE           	01EE	0000	37

C:\Program Files (x86)\Microchip\xc8\v1.37\sources\common\lwmod.c estimated size: 37

